<?xml version="1.0"?>
<testsuite name="Chrome Headless 144.0.0.0 (Windows 10)" package="" timestamp="2026-02-02T14:20:06" id="0" hostname="julie" tests="5" errors="0" failures="0" time="0.057">
  <properties>
    <property name="browser.fullName" value="Mozilla/5.0 (Windows NT 10.0; Win64; x64) AppleWebKit/537.36 (KHTML, like Gecko) HeadlessChrome/144.0.0.0 Safari/537.36"/>
  </properties>
  <testcase name="OlympicService should be created" time="0.019" classname="OlympicService"/>
  <testcase name="NotFoundComponent should create" time="0.016" classname="NotFoundComponent"/>
  <testcase name="AppComponent should have as title 'olympic-games-starter'" time="0.008" classname="AppComponent"/>
  <testcase name="AppComponent should create the app" time="0.003" classname="AppComponent"/>
  <testcase name="HomeComponent should create" time="0.011" classname="HomeComponent"/>
  <system-out>
    <![CDATA[
]]>
  </system-out>
  <system-err/>
</testsuite>